// Jest Snapshot v1, https://goo.gl/fbAQLP

exports[`renders 1`] = `
<DocumentFragment>
  <main>
    <header
      class="header"
    >
      <div
        class="header__comments"
      >
        Comments
      </div>
      <div
        class="header__vote-count"
      >
        Vote count
      </div>
      <div
        class="header__up-vote"
      >
        Up vote
      </div>
      <div
        class="header__news-details"
      >
        News Details
      </div>
    </header>
    <div
      class="loader"
    />
    <div
      class="btn-container"
    >
      <button
        class="btn-container__btn disabled"
        disabled=""
        type="button"
      >
        Previous
      </button>
      <button
        class="btn-container__btn"
        type="button"
      >
        Next
      </button>
    </div>
    <div
      class="ct-chart "
    />
  </main>
</DocumentFragment>
`;
